qiskit_runtime_service._discover_account:WARNING:2026-08-03 22:52:35,808: Loading account with the given token. A saved account will not be used.
Επεξεργαστής: ibm_marrakesh
max_shots ανά job: 100,000
  Job ID: d9of32m44aac73f574g0  (μπορεί να περιμένει σε ουρά)
  run 1/8: 65,536 shots, ρυθμός 1 = 0.4924
  Job ID: d9of38rvt76s73cq0vl0  (μπορεί να περιμένει σε ουρά)
  run 2/8: 65,536 shots, ρυθμός 1 = 0.4931
  Job ID: d9of3fbvt76s73cq0vrg  (μπορεί να περιμένει σε ουρά)
  run 3/8: 65,536 shots, ρυθμός 1 = 0.4927
  Job ID: d9of3rrvt76s73cq109g  (μπορεί να περιμένει σε ουρά)
  run 4/8: 65,536 shots, ρυθμός 1 = 0.4970
  Job ID: d9of45toh1qc73bbrmbg  (μπορεί να περιμένει σε ουρά)
  run 5/8: 65,536 shots, ρυθμός 1 = 0.4970
  Job ID: d9of4ce44aac73f5769g  (μπορεί να περιμένει σε ουρά)
  run 6/8: 65,536 shots, ρυθμός 1 = 0.4953
  Job ID: d9of4m644aac73f576qg  (μπορεί να περιμένει σε ουρά)
  run 7/8: 65,536 shots, ρυθμός 1 = 0.4942
  Job ID: d9of4t644aac73f57730  (μπορεί να περιμένει σε ουρά)
  run 8/8: 65,536 shots, ρυθμός 1 = 0.4919

Αποθηκεύτηκε: raw_ibm_marrakesh_524288.npy   (524,288 bits)
Μεταδεδομένα jobs: raw_ibm_marrakesh_524288_jobs.json
Επόμενο: python3 analyse_raw.py raw_ibm_marrakesh_524288.npy
