  γύρος 28293 …
  γύρος 28294 …
  γύρος 28295 …
  γύρος 28296 …
  γύρος 28297 …
  γύρος 1000 …
  γύρος 15000 …
  γύρος 22000 …
  γύρος 23000 …
  γύρος 26000 …

====================================================================================
OA vs SB — μέσο MI ανά ζώνη lag  (×1e-7 bits)
====================================================================================
   ομάδα   γύρος   ζώνη -46..-32   άλλα αρνητ.     θετικά    μακρινά    λόγος
  ΠΑΛΙΟΙ   28293           0.357         0.630      0.439      0.526     0.67
  ΠΑΛΙΟΙ   28294           0.283         0.304      0.478      0.217     0.72
  ΠΑΛΙΟΙ   28295           0.296         0.317      0.347      0.337     0.89
  ΠΑΛΙΟΙ   28296           0.436         0.343      0.409      0.123     1.16
  ΠΑΛΙΟΙ   28297           0.676         0.572      0.489      0.314     1.27
    ΝΕΟΙ    1000           0.622         0.367      0.429      0.167     1.56
    ΝΕΟΙ   15000           0.901         0.482      0.322      0.494     2.24
    ΝΕΟΙ   22000           0.538         0.536      0.425      0.199     1.12
    ΝΕΟΙ   23000           0.572         0.558      0.516      0.455     1.07
    ΝΕΟΙ   26000           0.633         0.432      0.488      0.339     1.38

====================================================================================
OB vs SA — μέσο MI ανά ζώνη lag  (×1e-7 bits)
====================================================================================
   ομάδα   γύρος   ζώνη -46..-32   άλλα αρνητ.     θετικά    μακρινά    λόγος
  ΠΑΛΙΟΙ   28293           0.424         0.458      0.544      0.343     0.85
  ΠΑΛΙΟΙ   28294           0.545         0.412      0.341      0.224     1.45
  ΠΑΛΙΟΙ   28295           0.907         0.625      0.411      0.191     1.75
  ΠΑΛΙΟΙ   28296           0.412         0.376      0.563      0.766     0.88
  ΠΑΛΙΟΙ   28297           0.463         0.457      0.532      0.272     0.94
    ΝΕΟΙ    1000           0.487         0.362      0.526      0.470     1.10
    ΝΕΟΙ   15000           0.401         0.443      0.441      0.666     0.91
    ΝΕΟΙ   22000           0.735         0.432      0.325      0.802     1.94
    ΝΕΟΙ   23000           0.762         0.436      0.438      0.461     1.74
    ΝΕΟΙ   26000           0.951         0.359      0.579      0.341     2.03

POST-HOC (ΔΕΝ είναι το προκαθορισμένο κριτήριο):
  P(5 τυχαίες κορυφές όλες κοντινές και εύρος <= 14) = 0.00111
  P(5 τυχαίες κορυφές όλες αρνητικές)                = 0.02986
  ΠΡΟΣΟΧΗ: το παράθυρο επιλέχθηκε ΑΦΟΥ είδα τα δεδομένα. Το p είναι
  δείκτης, όχι τεστ. Το ίδιο ισχύει για τα άλλα κανάλια/ομάδες που
  ΔΕΝ ξεχώρισαν — δεν μπαίνουν στον παρονομαστή.
