Pulse: curby_28297.npz
Trials: 15,000,000   lags: 20,001 per pair   TOTAL HYPOTHESES: 40,002

==============================================================================
BONFERRONI THRESHOLD FOR THE NEW NUMBER OF HYPOTHESES
==============================================================================
  hypotheses m          = 40,002   (was 222 over 111 lags)
  alpha                 = 0.05
  p per hypothesis      = alpha/m = 1.2499e-06
  chi^2(1) threshold    = 23.4988
  -> MI threshold       = 1.1301e-06 bits/trial  (at n=15,000,000)
  (for comparison: the 222-hypothesis threshold was 7.0e-07)

==============================================================================
OA vs SB
==============================================================================
  validating chi^2(1) with 2000 shuffles...
    mean G    0.9884  (theory 1)     variance 2.0672  (theory 2)
    median    0.4674 / 0.4549    q90 2.659 / 2.706    q99 6.196 / 6.635
    q99.9     13.302 / 10.828    max 14.987 / 12.116 (expected)
    KS: D = 0.0172, p = 0.592  -> FITS
  scanning 20,001 lags by FFT...
    largest FFT rounding error: 1.46e-11  (safe)
    verified at 25 lags: ALL MATCH

    LARGEST over 20,001 lags:
      lag              = -3,194
      MI               = 6.9846e-07 bits/trial
      G                = 14.521   (threshold 23.499)
      p (chi^2(1))     = 1.386e-04   (threshold 1.250e-06)
      sigma above null = +9.41
      -> BELOW THE THRESHOLD  (62% of the threshold)
    lags above the threshold: 0 / 20,001
    (expected by chance across the whole experiment: 0.050 = alpha = 0.05)
    old maximum (over the 111 tested lags): MI = 3.1611e-07 at lag -6  -> rank 180 among 20,001

==============================================================================
OB vs SA
==============================================================================
  validating chi^2(1) with 2000 shuffles...
    mean G    0.9950  (theory 1)     variance 1.9307  (theory 2)
    median    0.4758 / 0.4549    q90 2.588 / 2.706    q99 6.905 / 6.635
    q99.9     9.941 / 10.828    max 13.086 / 12.116 (expected)
    KS: D = 0.0159, p = 0.690  -> FITS
  scanning 20,001 lags by FFT...
    largest FFT rounding error: 1.46e-11  (safe)
    verified at 25 lags: ALL MATCH

    LARGEST over 20,001 lags:
      lag              = -9,992
      MI               = 7.1078e-07 bits/trial
      G                = 14.770   (threshold 23.499)
      p (chi^2(1))     = 1.214e-04   (threshold 1.250e-06)
      sigma above null = +9.92
      -> BELOW THE THRESHOLD  (63% of the threshold)
    lags above the threshold: 0 / 20,001
    (expected by chance across the whole experiment: 0.050 = alpha = 0.05)
    old maximum (over the 111 tested lags): MI = 3.6661e-07 at lag +44  -> rank 123 among 20,001

==============================================================================
THE BOUND FOR EVERY |k| <= 10,000
==============================================================================
  largest observed MI over 40,002 hypotheses: 7.1078e-07 bits/trial
  Bonferroni threshold:                          1.1301e-06 bits/trial
  -> MI(outcome ; setting at lag k) < 1.13e-06 bits/trial for EVERY |k| <= 10,000

Saved: full_scan_results.json  + full_scan_*.npz
