Old 5: from stability_results.json (already computed)
--- round 1000 ---
    OA vs SB: +4.57 sig @ -39   OB vs SA: +2.94 sig @ -20   J(0)=+2,564 (+14.99 sig)
--- round 15000 ---
    OA vs SB: +4.11 sig @ -41   OB vs SA: +4.66 sig @ -10000   J(0)=+2,893 (+18.01 sig)
--- round 22000 ---
    OA vs SB: +2.99 sig @ -39   OB vs SA: +6.10 sig @ -44   J(0)=+2,114 (+13.24 sig)
--- round 23000 ---
    OA vs SB: +6.56 sig @ -46   OB vs SA: +6.07 sig @ -32   J(0)=+2,692 (+18.20 sig)
--- round 26000 ---
    OA vs SB: +3.85 sig @ -32   OB vs SA: +7.39 sig @ 38   J(0)=+2,581 (+18.83 sig)

============================================================================================
TABLE 1 - 5 CONSECUTIVE PULSES, 65 MINUTES, ONE CALIBRATION
============================================================================================
 round         date |          OA vs SB |          OB vs SA |     J(0)   J/sig  k!=0,J>0
                    |  max sig     @lag |  max sig     @lag |
--------------------------------------------------------------------------------------------
 28293   2025-08-22 |    +8.49       28 |    +5.18       14 |   +2,218  +14.35    0/106
 28294   2025-08-22 |    +3.53       21 |    +3.04      -50 |   +1,870  +12.13    0/106
 28295   2025-08-22 |    +2.18       13 |    +5.71      -36 |   +2,050  +13.26    0/106
 28296   2025-08-22 |    +2.59       41 |    +6.47       49 |   +2,184  +14.20    0/106
 28297   2025-08-22 |    +4.24       -6 |    +5.52       44 |   +1,816  +11.72    0/106

============================================================================================
TABLE 2 - 5 SPREAD PULSES, 20 MONTHS, DIFFERENT CALIBRATIONS
============================================================================================
 round         date |          OA vs SB |          OB vs SA |     J(0)   J/sig  k!=0,J>0
                    |  max sig     @lag |  max sig     @lag |
--------------------------------------------------------------------------------------------
  1000   2023-10-31 |    +4.57      -39 |    +2.94      -20 |   +2,564  +14.99    0/106
 15000   2024-03-07 |    +4.11      -41 |    +4.66   -10000 |   +2,893  +18.01    0/106
 22000   2024-07-17 |    +2.99      -39 |    +6.10      -44 |   +2,114  +13.24    0/106
 23000   2025-05-13 |    +6.56      -46 |    +6.07      -32 |   +2,692  +18.20    0/106
 26000   2025-06-28 |    +3.85      -32 |    +7.39       38 |   +2,581  +18.83    0/106

  derived calibration values (hence a separate table):
   round       beta       gain  nTrialsNeeded  seedLength
    1000   0.018842  0.0015098      2,600,159     249,224
   15000   0.031801  0.0010607      2,389,700     249,224
   22000   0.014208  0.0013452      3,745,942     249,224
   23000   0.027580  0.0014484      1,963,636     249,224
   26000   0.033007  0.0010378      2,371,056     249,224

============================================================================================
DOES ANY LAG REPEAT ACROSS THE 10?
============================================================================================
Space: 111 lag positions per channel, 2 channels, 10 pulses.
Under chance - expected pairs at the same lag per channel: 0.405
  P(>=1 pair in one channel)        = 0.342
  P(>=1 pair in EITHER channel)     = 0.567
  P(>=3 pulses same lag, 1 channel) = 0.0095
  P(>=3 in EITHER channel)          = 0.0189
  P(same lag in BOTH channels)      = 0.0014

  OA vs SB
    peaks (old then new): [28, 21, 13, 41, -6, -39, -41, -39, -46, -32]
    distinct lags: 9 / 10
    lag -39: rounds [1000, 22000]  <-- 1 pair -> EXPECTED BY CHANCE, NOT A FINDING (P(>=1 pair) = 0.342)

  OB vs SA
    peaks (old then new): [14, -50, -36, 49, 44, -20, -10000, -44, -32, 38]
    distinct lags: 10 / 10
    NO REPETITION  (expected by chance: 0.405 pairs; P(>=1) = 0.342)

  No lag common to both channels. (P by chance = 0.0014)

  total lags above the null max (10 x 2 x 111 = 2220): 2   (expected ~4.4 with 500 shuffles)
  total k!=0 with J>0 (10 x 106 = 1060): 0

Saved: stability10_results.json
